// Jest Snapshot v1, https://goo.gl/fbAQLP

exports[`Button with Router render 1`] = `undefined`;
