// Jest Snapshot v1, https://goo.gl/fbAQLP

exports[`Header render 1`] = `
<div>
  <Jss(withRouter()) />
</div>
`;
