// Jest Snapshot v1, https://goo.gl/fbAQLP

exports[`Header render 1`] = `
<div
  className={undefined}
>
  <h1>
    <a
      className="Header-headerLink-0-1-1"
      href="/"
      onClick={[Function]}
    >
      My dictionary
    </a>
  </h1>
</div>
`;
