// Jest Snapshot v1, https://goo.gl/fbAQLP

exports[`Header render 1`] = `
<div>
  <h1>
    <Link
      replace={false}
      to="/"
    >
      The dictionary
    </Link>
  </h1>
  <Jss(Component) />
</div>
`;
