// Jest Snapshot v1, https://goo.gl/fbAQLP

exports[`Notification item render 1`] = `
ShallowWrapper {
  Symbol(enzyme.__root__): [Circular],
  Symbol(enzyme.__unrendered__): <NotificationItem
    onClick={[Function]}
    status="exited"
    text=""
    type="error"
/>,
  Symbol(enzyme.__renderer__): Object {
    "batchedUpdates": [Function],
    "getNode": [Function],
    "render": [Function],
    "simulateError": [Function],
    "simulateEvent": [Function],
    "unmount": [Function],
  },
  Symbol(enzyme.__node__): Object {
    "instance": null,
    "key": undefined,
    "nodeType": "class",
    "props": Object {
      "children": <Unknown
        type="error"
>
        <Unknown>
                <pure(Error) />
                <Unknown>
                        <CloseButton
                                onClick={[Function]}
                        />
                </Unknown>
        </Unknown>
        <div />
</Unknown>,
      "direction": "up",
      "in": true,
      "mountOnEnter": true,
      "unmountOnExit": true,
    },
    "ref": null,
    "rendered": Object {
      "instance": null,
      "key": undefined,
      "nodeType": "function",
      "props": Object {
        "children": Array [
          <Unknown>
            <pure(Error) />
            <Unknown>
                        <CloseButton
                                    onClick={[Function]}
                        />
            </Unknown>
</Unknown>,
          <div />,
        ],
        "type": "error",
      },
      "ref": null,
      "rendered": Array [
        Object {
          "instance": null,
          "key": undefined,
          "nodeType": "function",
          "props": Object {
            "children": Array [
              <pure(Error) />,
              <Unknown>
                <CloseButton
                                onClick={[Function]}
                />
</Unknown>,
            ],
          },
          "ref": null,
          "rendered": Array [
            Object {
              "instance": null,
              "key": undefined,
              "nodeType": "class",
              "props": Object {},
              "ref": null,
              "rendered": null,
              "type": [Function],
            },
            Object {
              "instance": null,
              "key": undefined,
              "nodeType": "function",
              "props": Object {
                "children": <CloseButton
                  onClick={[Function]}
/>,
              },
              "ref": null,
              "rendered": Object {
                "instance": null,
                "key": undefined,
                "nodeType": "function",
                "props": Object {
                  "onClick": [Function],
                },
                "ref": null,
                "rendered": null,
                "type": [Function],
              },
              "type": Object {
                "$$typeof": Symbol(react.forward_ref),
                "attrs": undefined,
                "componentStyle": ComponentStyle {
                  "componentId": "sc-bxivhb",
                  "isStatic": true,
                  "rules": Array [
                    "
  text-align: right;
",
                  ],
                },
                "displayName": "styled.div",
                "render": [Function],
                "styledComponentId": "sc-bxivhb",
                "target": "div",
                "toString": [Function],
                "warnTooManyClasses": [Function],
                "withComponent": [Function],
              },
            },
          ],
          "type": Object {
            "$$typeof": Symbol(react.forward_ref),
            "attrs": undefined,
            "componentStyle": ComponentStyle {
              "componentId": "sc-htpNat",
              "isStatic": false,
              "rules": Array [
                "
  display: grid;
  align-items: center;
  grid-auto-flow: column;
  margin-bottom: ",
                [Function],
                ";
",
              ],
            },
            "displayName": "styled.div",
            "render": [Function],
            "styledComponentId": "sc-htpNat",
            "target": "div",
            "toString": [Function],
            "warnTooManyClasses": [Function],
            "withComponent": [Function],
          },
        },
        Object {
          "instance": null,
          "key": undefined,
          "nodeType": "host",
          "props": Object {
            "children": "",
          },
          "ref": null,
          "rendered": "",
          "type": "div",
        },
      ],
      "type": Object {
        "$$typeof": Symbol(react.forward_ref),
        "attrs": undefined,
        "componentStyle": ComponentStyle {
          "componentId": "sc-bwzfXH",
          "isStatic": false,
          "rules": Array [
            "
  width: 100%;
  border-radius: ",
            [Function],
            ";
  padding: ",
            [Function],
            ";
  margin-bottom: ",
            [Function],
            ";
  list-style: none;
  transition: ",
            [Function],
            ";
  opacity: 1 !important;
  background: ",
            [Function],
            ";
",
          ],
        },
        "displayName": "styled.li",
        "render": [Function],
        "styledComponentId": "sc-bwzfXH",
        "target": "li",
        "toString": [Function],
        "warnTooManyClasses": [Function],
        "withComponent": [Function],
      },
    },
    "type": [Function],
  },
  Symbol(enzyme.__nodes__): Array [
    Object {
      "instance": null,
      "key": undefined,
      "nodeType": "class",
      "props": Object {
        "children": <Unknown
          type="error"
>
          <Unknown>
                    <pure(Error) />
                    <Unknown>
                              <CloseButton
                                        onClick={[Function]}
                              />
                    </Unknown>
          </Unknown>
          <div />
</Unknown>,
        "direction": "up",
        "in": true,
        "mountOnEnter": true,
        "unmountOnExit": true,
      },
      "ref": null,
      "rendered": Object {
        "instance": null,
        "key": undefined,
        "nodeType": "function",
        "props": Object {
          "children": Array [
            <Unknown>
              <pure(Error) />
              <Unknown>
                            <CloseButton
                                          onClick={[Function]}
                            />
              </Unknown>
</Unknown>,
            <div />,
          ],
          "type": "error",
        },
        "ref": null,
        "rendered": Array [
          Object {
            "instance": null,
            "key": undefined,
            "nodeType": "function",
            "props": Object {
              "children": Array [
                <pure(Error) />,
                <Unknown>
                  <CloseButton
                                    onClick={[Function]}
                  />
</Unknown>,
              ],
            },
            "ref": null,
            "rendered": Array [
              Object {
                "instance": null,
                "key": undefined,
                "nodeType": "class",
                "props": Object {},
                "ref": null,
                "rendered": null,
                "type": [Function],
              },
              Object {
                "instance": null,
                "key": undefined,
                "nodeType": "function",
                "props": Object {
                  "children": <CloseButton
                    onClick={[Function]}
/>,
                },
                "ref": null,
                "rendered": Object {
                  "instance": null,
                  "key": undefined,
                  "nodeType": "function",
                  "props": Object {
                    "onClick": [Function],
                  },
                  "ref": null,
                  "rendered": null,
                  "type": [Function],
                },
                "type": Object {
                  "$$typeof": Symbol(react.forward_ref),
                  "attrs": undefined,
                  "componentStyle": ComponentStyle {
                    "componentId": "sc-bxivhb",
                    "isStatic": true,
                    "rules": Array [
                      "
  text-align: right;
",
                    ],
                  },
                  "displayName": "styled.div",
                  "render": [Function],
                  "styledComponentId": "sc-bxivhb",
                  "target": "div",
                  "toString": [Function],
                  "warnTooManyClasses": [Function],
                  "withComponent": [Function],
                },
              },
            ],
            "type": Object {
              "$$typeof": Symbol(react.forward_ref),
              "attrs": undefined,
              "componentStyle": ComponentStyle {
                "componentId": "sc-htpNat",
                "isStatic": false,
                "rules": Array [
                  "
  display: grid;
  align-items: center;
  grid-auto-flow: column;
  margin-bottom: ",
                  [Function],
                  ";
",
                ],
              },
              "displayName": "styled.div",
              "render": [Function],
              "styledComponentId": "sc-htpNat",
              "target": "div",
              "toString": [Function],
              "warnTooManyClasses": [Function],
              "withComponent": [Function],
            },
          },
          Object {
            "instance": null,
            "key": undefined,
            "nodeType": "host",
            "props": Object {
              "children": "",
            },
            "ref": null,
            "rendered": "",
            "type": "div",
          },
        ],
        "type": Object {
          "$$typeof": Symbol(react.forward_ref),
          "attrs": undefined,
          "componentStyle": ComponentStyle {
            "componentId": "sc-bwzfXH",
            "isStatic": false,
            "rules": Array [
              "
  width: 100%;
  border-radius: ",
              [Function],
              ";
  padding: ",
              [Function],
              ";
  margin-bottom: ",
              [Function],
              ";
  list-style: none;
  transition: ",
              [Function],
              ";
  opacity: 1 !important;
  background: ",
              [Function],
              ";
",
            ],
          },
          "displayName": "styled.li",
          "render": [Function],
          "styledComponentId": "sc-bwzfXH",
          "target": "li",
          "toString": [Function],
          "warnTooManyClasses": [Function],
          "withComponent": [Function],
        },
      },
      "type": [Function],
    },
  ],
  Symbol(enzyme.__options__): Object {
    "adapter": ReactSixteenAdapter {
      "options": Object {
        "enableComponentDidUpdateOnSetState": true,
        "lifecycles": Object {
          "componentDidUpdate": Object {
            "onSetState": true,
          },
          "getDerivedStateFromProps": true,
          "getSnapshotBeforeUpdate": true,
          "setState": Object {
            "skipsComponentDidUpdateOnNullish": true,
          },
        },
      },
    },
  },
}
`;
