// Jest Snapshot v1, https://goo.gl/fbAQLP

exports[`Notifications components render empty 1`] = `
<Notifications
  classes={Object {}}
  hideNotification={[Function]}
  notifications={Array []}
>
  children
  <ul />
</Notifications>
`;
