// Jest Snapshot v1, https://goo.gl/fbAQLP

exports[`Searchable Word render 1`] = `
<Fragment>
  <Link
    replace={false}
    to="/search-words?query=word"
  >
    word
  </Link>
</Fragment>
`;
