// Jest Snapshot v1, https://goo.gl/fbAQLP

exports[`Controls separator align right 1`] = `
<div
  className="undefined undefined"
>
  <button
    type="button"
  >
    anything
  </button>
  <button
    type="button"
  >
    anything
  </button>
</div>
`;

exports[`Controls separator render 1`] = `
<div
  className="undefined undefined"
>
  <button
    type="button"
  >
    anything
  </button>
  <button
    type="button"
  >
    anything
  </button>
</div>
`;
