// Jest Snapshot v1, https://goo.gl/fbAQLP

exports[`Line explanation render 1`] = `
<div
  className="LineExplanation-lineExplanation-0-1-1"
>
  <div
    className={undefined}
  >
    label:
  </div>
  <div
    className={undefined}
  >
    text
  </div>
</div>
`;
