// Jest Snapshot v1, https://goo.gl/fbAQLP

exports[`Blocks Container render 1`] = `true`;
