// Jest Snapshot v1, https://goo.gl/fbAQLP

exports[`Blocks Container render 1`] = `
<BlocksWrapper
  classes={
    Object {
      "blocksWrapper": "BlocksWrapper-blocksWrapper-0-1-1",
    }
  }
>
  Anything
</BlocksWrapper>
`;
