// Jest Snapshot v1, https://goo.gl/fbAQLP

exports[`MainContainer page render 1`] = `
<withRouter()
  classes={
    Object {
      "searchBlock": "withRouter()-searchBlock-0-1-1",
    }
  }
/>
`;
